// Jest Snapshot v1, https://goo.gl/fbAQLP

exports[`should render ExpenseDashboard 1`] = `
<div>
  <Connect(ExpenseListFilters) />
  <p>
    This is coming from my dashboard
  </p>
  <Connect(ExpenseList) />
</div>
`;
